// Jest Snapshot v1, https://goo.gl/fbAQLP

exports[`renders LoginForm component without crashing 1`] = `
<div>
  <nav>
    <div
      id="logo"
    >
      <Link
        to="/signup"
      >
        Login
      </Link>
    </div>
  </nav>
  <main>
    <div
      id="after-click"
    >
      <h3>
        Invalid username or password
      </h3>
    </div>
    <h2>
      Sign in
    </h2>
    <div
      className="Sign-in-out"
    >
      <form
        id="signin"
        onSubmit={[Function]}
      >
        <label
          className="label"
          htmlFor="username"
        >
          Username
        </label>
        <input
          id="username"
          name="username"
          onChange={[Function]}
          placeholder="username"
          required={true}
          type="text"
          value=""
        />
        <label
          className="label"
          htmlFor="password"
        >
          Password
        </label>
        <input
          id="password"
          name="password"
          onChange={[Function]}
          placeholder="secret password"
          required={true}
          type="password"
          value=""
        />
        <button
          className=""
          type="submit"
        >
          Login
        </button>
      </form>
      <p>
        dont have an Account ? 
        <Link
          to="/signup"
        >
           Sign up
        </Link>
         
      </p>
    </div>
    <p
      className="footer"
    >
      copyright Â© 2018. MyDiary @ Andela. Hammed Noibi.
    </p>
  </main>
</div>
`;
